// Jest Snapshot v1, https://goo.gl/fbAQLP

exports[`render tests should render signIn component correctly 1`] = `
<div>
  <div
    className="MuiGrid-root MuiGrid-container MuiGrid-wrap-xs-nowrap"
  >
    <div
      className="MuiGrid-root MuiGrid-item MuiGrid-grid-xs-2"
    >
      <div>
        NAV
      </div>
    </div>
    <div
      className="MuiGrid-root MuiGrid-item MuiGrid-grid-xs-10"
    >
      <div
        className="sc-bdnylx dxBFCn"
      >
        dashboard
      </div>
    </div>
  </div>
</div>
`;
